2026-06-24T09:41:34.947101+00:00 AVISO slug=seg_social_abono motivo=conteúdo suspeito: apenas 0 caracteres (mínimo 100)
2026-06-24T09:41:42.485380+00:00 AVISO slug=seg_social_rsi motivo=conteúdo suspeito: apenas 0 caracteres (mínimo 100)
2026-06-24T09:42:34.778404+00:00 AVISO slug=dre_bolsa_merito motivo=conteúdo suspeito: apenas 0 caracteres (mínimo 100)
2026-06-24T09:42:34.779098+00:00 AVISO slug=dre_ase_escaloes motivo=conteúdo suspeito: apenas 0 caracteres (mínimo 100)
2026-06-24T09:42:34.779617+00:00 AVISO slug=dre_ias motivo=conteúdo suspeito: apenas 0 caracteres (mínimo 100)
2026-06-24T10:25:40.341456+00:00 AVISO slug=seg_social_abono motivo=conteúdo suspeito: apenas 0 caracteres (mínimo 100)
2026-06-24T10:25:47.233147+00:00 AVISO slug=seg_social_rsi motivo=conteúdo suspeito: apenas 0 caracteres (mínimo 100)
2026-06-24T10:26:35.291452+00:00 AVISO slug=mega_datas motivo=conteúdo suspeito: apenas 0 caracteres (mínimo 100)
2026-06-24T10:26:43.784767+00:00 AVISO slug=dre_bolsa_merito motivo=conteúdo suspeito: apenas 0 caracteres (mínimo 100)
2026-06-24T10:26:43.785657+00:00 AVISO slug=dre_ase_escaloes motivo=conteúdo suspeito: apenas 0 caracteres (mínimo 100)
2026-06-24T10:26:43.786279+00:00 AVISO slug=dre_ias motivo=conteúdo suspeito: apenas 0 caracteres (mínimo 100)
2026-06-24T10:30:53.954305+00:00 AVISO slug=seg_social_abono motivo=conteúdo suspeito: apenas 0 caracteres (mínimo 100)
2026-06-24T10:31:00.309043+00:00 AVISO slug=seg_social_rsi motivo=conteúdo suspeito: apenas 0 caracteres (mínimo 100)
2026-06-24T10:31:17.281388+00:00 AVISO slug=mega_datas motivo=conteúdo suspeito: apenas 0 caracteres (mínimo 100)
2026-06-24T10:31:25.311317+00:00 AVISO slug=dre_bolsa_merito motivo=conteúdo suspeito: apenas 0 caracteres (mínimo 100)
2026-06-24T10:31:25.311906+00:00 AVISO slug=dre_ase_escaloes motivo=conteúdo suspeito: apenas 0 caracteres (mínimo 100)
2026-06-24T10:31:25.312512+00:00 AVISO slug=dre_ias motivo=conteúdo suspeito: apenas 0 caracteres (mínimo 100)
2026-06-24T10:34:25.904135+00:00 AVISO slug=seg_social_abono motivo=conteúdo suspeito: apenas 0 caracteres (mínimo 100)
2026-06-24T10:34:34.324302+00:00 AVISO slug=seg_social_rsi motivo=conteúdo suspeito: apenas 0 caracteres (mínimo 100)
2026-06-24T10:34:55.344564+00:00 AVISO slug=mega_datas motivo=conteúdo suspeito: apenas 0 caracteres (mínimo 100)
2026-06-24T10:35:03.462210+00:00 AVISO slug=dre_bolsa_merito motivo=conteúdo suspeito: apenas 0 caracteres (mínimo 100)
2026-06-24T10:35:03.463060+00:00 AVISO slug=dre_ase_escaloes motivo=conteúdo suspeito: apenas 0 caracteres (mínimo 100)
2026-06-24T10:35:03.463745+00:00 AVISO slug=dre_ias motivo=conteúdo suspeito: apenas 0 caracteres (mínimo 100)
2026-06-24T10:39:37.643222+00:00 AVISO slug=seg_social_abono motivo=conteúdo suspeito: apenas 0 caracteres (mínimo 100)
2026-06-24T10:39:49.117775+00:00 AVISO slug=seg_social_rsi motivo=conteúdo suspeito: apenas 0 caracteres (mínimo 100)
2026-06-24T10:53:36.349240+00:00 AVISO slug=seg_social_abono motivo=conteúdo suspeito: apenas 23 caracteres (mínimo 100)
2026-06-24T10:53:46.533892+00:00 AVISO slug=seg_social_rsi motivo=conteúdo suspeito: apenas 23 caracteres (mínimo 100)
2026-06-25T09:31:37.273928+00:00 AVISO slug=seg_social_abono motivo=conteúdo suspeito: apenas 23 caracteres (mínimo 100)
2026-06-25T09:31:47.152410+00:00 AVISO slug=seg_social_rsi motivo=conteúdo suspeito: apenas 23 caracteres (mínimo 100)
2026-06-26T09:36:40.361123+00:00 AVISO slug=seg_social_abono motivo=conteúdo suspeito: apenas 23 caracteres (mínimo 100)
2026-06-26T09:36:53.630973+00:00 AVISO slug=seg_social_rsi motivo=conteúdo suspeito: apenas 23 caracteres (mínimo 100)
2026-06-27T08:43:16.291083+00:00 AVISO slug=seg_social_abono motivo=conteúdo suspeito: apenas 23 caracteres (mínimo 100)
2026-06-27T08:43:25.818880+00:00 AVISO slug=seg_social_rsi motivo=conteúdo suspeito: apenas 23 caracteres (mínimo 100)
2026-06-28T09:18:39.247792+00:00 AVISO slug=seg_social_abono motivo=conteúdo suspeito: apenas 23 caracteres (mínimo 100)
2026-06-28T09:18:51.017656+00:00 AVISO slug=seg_social_rsi motivo=conteúdo suspeito: apenas 23 caracteres (mínimo 100)
2026-06-29T11:10:34.929984+00:00 AVISO slug=seg_social_abono motivo=conteúdo suspeito: apenas 23 caracteres (mínimo 100)
2026-06-29T11:10:43.158903+00:00 AVISO slug=seg_social_rsi motivo=conteúdo suspeito: apenas 23 caracteres (mínimo 100)
2026-06-29T16:23:55.941161+00:00 AVISO slug=seg_social_abono motivo=conteúdo suspeito: apenas 23 caracteres (mínimo 100)
2026-06-29T16:24:09.068526+00:00 AVISO slug=seg_social_rsi motivo=conteúdo suspeito: apenas 23 caracteres (mínimo 100)
2026-06-30T07:08:30.481220+00:00 AVISO slug=seg_social_abono motivo=conteúdo suspeito: apenas 23 caracteres (mínimo 100)
2026-06-30T07:08:43.189056+00:00 AVISO slug=seg_social_rsi motivo=conteúdo suspeito: apenas 23 caracteres (mínimo 100)
2026-07-01T15:05:47.862350+00:00 AVISO slug=dre_psu motivo=conteúdo suspeito: apenas 0 caracteres (mínimo 100)
2026-07-02T08:56:42.605314+00:00 AVISO slug=dre_psu motivo=conteúdo suspeito: apenas 0 caracteres (mínimo 100)
2026-07-02T23:01:28.835058+00:00 AVISO slug=dre_psu motivo=conteúdo suspeito: apenas 0 caracteres (mínimo 100)
2026-07-03T06:36:01.959444+00:00 AVISO slug=dre_psu motivo=conteúdo suspeito: apenas 0 caracteres (mínimo 100)
2026-07-03T07:10:07.380439+00:00 AVISO slug=dre_psu motivo=conteúdo suspeito: apenas 0 caracteres (mínimo 100)
2026-07-03T07:16:46.531143+00:00 AVISO slug=dre_psu motivo=conteúdo suspeito: apenas 0 caracteres (mínimo 100)
2026-07-03T09:20:40.936094+00:00 AVISO slug=dre_psu motivo=conteúdo suspeito: apenas 0 caracteres (mínimo 100)
2026-07-03T16:38:21.624845+00:00 AVISO slug=dre_psu motivo=conteúdo suspeito: apenas 0 caracteres (mínimo 100)
2026-07-03T21:35:29.749860+00:00 AVISO slug=dre_psu motivo=conteúdo suspeito: apenas 0 caracteres (mínimo 100)
2026-07-04T09:00:43.090942+00:00 AVISO slug=dre_psu motivo=conteúdo suspeito: apenas 0 caracteres (mínimo 100)
2026-07-05T09:19:58.093009+00:00 AVISO slug=dre_psu motivo=conteúdo suspeito: apenas 0 caracteres (mínimo 100)
2026-07-05T14:27:03.399130+00:00 AVISO slug=dre_psu motivo=conteúdo suspeito: apenas 0 caracteres (mínimo 100)
2026-07-06T06:12:46.167727+00:00 AVISO slug=dre_psu motivo=conteúdo suspeito: apenas 0 caracteres (mínimo 100)
2026-07-06T07:22:00.498000+00:00 AVISO slug=dre_psu motivo=conteúdo suspeito: apenas 0 caracteres (mínimo 100)
2026-07-06T07:32:35.879967+00:00 AVISO slug=dre_psu motivo=conteúdo suspeito: apenas 0 caracteres (mínimo 100)
2026-07-06T07:37:07.007454+00:00 AVISO slug=dre_psu motivo=conteúdo suspeito: apenas 0 caracteres (mínimo 100)
2026-07-06T10:21:15.866680+00:00 AVISO slug=dre_psu motivo=conteúdo suspeito: apenas 0 caracteres (mínimo 100)
2026-07-06T10:54:45.183054+00:00 AVISO slug=dre_psu motivo=conteúdo suspeito: apenas 0 caracteres (mínimo 100)
2026-07-06T11:00:09.127800+00:00 AVISO slug=dre_psu motivo=conteúdo suspeito: apenas 0 caracteres (mínimo 100)
2026-07-07T09:54:19.772235+00:00 AVISO slug=dre_psu motivo=conteúdo suspeito: apenas 0 caracteres (mínimo 100)
2026-07-20T18:22:24.984941+00:00 AVISO slug=dre_habitacao_paer motivo=dre_habitacao_paer_decreto_detectado:- Decreto-Lei n.º 130/2023 - Diário da República n.º 248/2023, Série I de 2023-12-27
- Decreto-Lei n.º 103-B/2023 - Diário da República n.º 217/2023, 1º Suplemento, Série I de 2023-11-09
- Decreto-Lei n.º 13-A/2025 - Diário da República n.º 48/2025, Suplemento, Série I de 2025-03-10
- Decreto-Lei n.º 105/2026 - Diário da República n.º 101/2026, Série I de 2026-05-26
